../freertos/freertos-kernel/tasks.c:3849:35:prvTaskCheckFreeStackSpace	0	static
../freertos/freertos-kernel/tasks.c:3990:13:prvResetNextTaskUnblockTime	0	static
../freertos/freertos-kernel/tasks.c:3937:17:prvDeleteTCB	8	static
../freertos/freertos-kernel/tasks.c:816:13:prvInitialiseNewTask	32	static
../freertos/freertos-kernel/tasks.c:3649:13:prvInitialiseTaskLists	16	static
../freertos/freertos-kernel/tasks.c:1026:13:prvAddNewTaskToReadyList	8	static
../freertos/freertos-kernel/tasks.c:3681:13:prvCheckTasksWaitingTermination	8	static
../freertos/freertos-kernel/tasks.c:3419:8:prvIdleTask	8	static
../freertos/freertos-kernel/tasks.c:5288:13:prvAddCurrentTaskToDelayedList	16	static
../freertos/freertos-kernel/tasks.c:721:16:xTaskCreate	48	static
../freertos/freertos-kernel/tasks.c:1112:10:vTaskDelete	16	static
../freertos/freertos-kernel/tasks.c:1346:16:eTaskGetState	16	static
../freertos/freertos-kernel/tasks.c:1952:6:vTaskStartScheduler	16	static
../freertos/freertos-kernel/tasks.c:2077:6:vTaskEndScheduler	8	static
../freertos/freertos-kernel/tasks.c:2088:6:vTaskSuspendAll	0	static
../freertos/freertos-kernel/tasks.c:2284:12:xTaskGetTickCount	0	static
../freertos/freertos-kernel/tasks.c:2299:12:xTaskGetTickCountFromISR	8	static
../freertos/freertos-kernel/tasks.c:2330:13:uxTaskGetNumberOfTasks	0	static
../freertos/freertos-kernel/tasks.c:2338:8:pcTaskGetName	0	static
../freertos/freertos-kernel/tasks.c:2716:12:xTaskIncrementTick	24	static
../freertos/freertos-kernel/tasks.c:2172:12:xTaskResumeAll	16	static
../freertos/freertos-kernel/tasks.c:1301:10:vTaskDelay	8	static
../freertos/freertos-kernel/tasks.c:2612:12:xTaskCatchUpTicks	8	static
../freertos/freertos-kernel/tasks.c:3001:6:vTaskSwitchContext	0	static
../freertos/freertos-kernel/tasks.c:3075:6:vTaskPlaceOnEventList	8	static
../freertos/freertos-kernel/tasks.c:3100:6:vTaskPlaceOnUnorderedEventList	16	static
../freertos/freertos-kernel/tasks.c:3128:10:vTaskPlaceOnEventListRestricted	16	static
../freertos/freertos-kernel/tasks.c:3161:12:xTaskRemoveFromEventList	8	static
../freertos/freertos-kernel/tasks.c:3229:6:vTaskRemoveFromUnorderedEventList	8	static
../freertos/freertos-kernel/tasks.c:3278:6:vTaskSetTimeOutState	8	static
../freertos/freertos-kernel/tasks.c:3290:6:vTaskInternalSetTimeOutState	0	static
../freertos/freertos-kernel/tasks.c:3298:12:xTaskCheckForTimeOut	16	static
../freertos/freertos-kernel/tasks.c:3363:6:vTaskMissedYield	0	static
../freertos/freertos-kernel/tasks.c:3371:17:uxTaskGetTaskNumber	0	static
../freertos/freertos-kernel/tasks.c:3394:10:vTaskSetTaskNumber	0	static
../freertos/freertos-kernel/tasks.c:3589:10:vTaskSetThreadLocalStoragePointer	0	static
../freertos/freertos-kernel/tasks.c:3609:12:pvTaskGetThreadLocalStoragePointer	0	static
../freertos/freertos-kernel/tasks.c:3711:10:vTaskGetInfo	16	static
../freertos/freertos-kernel/tasks.c:3814:24:prvListTasksWithinSingleList	32	static
../freertos/freertos-kernel/tasks.c:2485:17:uxTaskGetSystemState	24	static
../freertos/freertos-kernel/tasks.c:4013:18:xTaskGetCurrentTaskHandle	0	static
../freertos/freertos-kernel/tasks.c:4030:16:xTaskGetSchedulerState	0	static
../freertos/freertos-kernel/tasks.c:4058:16:xTaskPriorityInherit	16	static
../freertos/freertos-kernel/tasks.c:4148:16:xTaskPriorityDisinherit	16	static
../freertos/freertos-kernel/tasks.c:4228:10:vTaskPriorityDisinheritAfterTimeout	16	static
../freertos/freertos-kernel/tasks.c:4649:12:uxTaskResetEventItemValue	0	static
../freertos/freertos-kernel/tasks.c:4665:18:pvTaskIncrementMutexHeldCount	0	static
../freertos/freertos-kernel/tasks.c:4682:14:ulTaskGenericNotifyTake	16	static
../freertos/freertos-kernel/tasks.c:4754:16:xTaskGenericNotifyWait	24	static
../freertos/freertos-kernel/tasks.c:4840:16:xTaskGenericNotify	24	static
../freertos/freertos-kernel/tasks.c:4963:16:xTaskGenericNotifyFromISR	24	static
../freertos/freertos-kernel/tasks.c:5102:10:vTaskGenericNotifyGiveFromISR	24	static
../freertos/freertos-kernel/tasks.c:5191:16:xTaskGenericNotifyStateClear	16	static
../freertos/freertos-kernel/tasks.c:5225:14:ulTaskGenericNotifyValueClear	16	static
