C:\Users\tj925438\Documents\MCUXpressoIDE_11.7.1_9221\workspace\MaaXBoard-RT_erpc_two_way_rpc_rpmsg_rtos_cm7\erpc\infra/erpc_codec.hpp:104:19:erpc_status_t erpc::Codec::getStatus()	16	static
C:\Users\tj925438\Documents\MCUXpressoIDE_11.7.1_9221\workspace\MaaXBoard-RT_erpc_two_way_rpc_rpmsg_rtos_cm7\erpc\infra/erpc_client_manager.h:208:12:erpc::Codec* erpc::RequestContext::getCodec()	16	static
C:\Users\tj925438\Documents\MCUXpressoIDE_11.7.1_9221\workspace\MaaXBoard-RT_erpc_two_way_rpc_rpmsg_rtos_cm7\erpc\infra/erpc_client_manager.h:215:14:uint32_t erpc::RequestContext::getSequence() const	16	static
../erpc/service/erpc_two_way_rpc_Core0Interface_client.cpp:40:6:void setGetNumberFunction(getNumberCallback_t)	56	static
../erpc/service/erpc_two_way_rpc_Core0Interface_client.cpp:95:6:void getGetNumberFunction(void (**)(uint32_t*))	56	static
../erpc/service/erpc_two_way_rpc_Core0Interface_client.cpp:150:6:void nestedCallGetNumber(getNumberCallback_t)	56	static
../erpc/service/erpc_two_way_rpc_Core0Interface_client.cpp:205:6:void getNumberFromCore1(uint32_t*)	56	static
