c:\nxp\mcuxpressoide_11.7.1_9221\ide\plugins\com.nxp.mcuxpresso.tools.win32_11.7.1.202301190959\tools\arm-none-eabi\include\c++\10.3.1\new:174:33:void* operator new(std::size_t, void*)	16	static
C:\Users\tj925438\Documents\MCUXpressoIDE_11.7.1_9221\workspace\MaaXBoard-RT_erpc_two_way_rpc_rpmsg_rtos_cm7\erpc\infra/erpc_manually_constructed.hpp:51:7:erpc::ManuallyConstructed<erpc::RPMsgRTOSTransport>::ManuallyConstructed()	16	static
../erpc/setup/erpc_setup_rpmsg_lite_rtos_master.cpp:41:18:ErpcTransport* erpc_transport_rpmsg_lite_rtos_master_init(uint32_t, uint32_t, uint32_t)	48	static
C:\Users\tj925438\Documents\MCUXpressoIDE_11.7.1_9221\workspace\MaaXBoard-RT_erpc_two_way_rpc_rpmsg_rtos_cm7\erpc\infra/erpc_manually_constructed.hpp:90:10:void erpc::ManuallyConstructed<T>::construct() [with T = erpc::RPMsgRTOSTransport]	16	static
C:\Users\tj925438\Documents\MCUXpressoIDE_11.7.1_9221\workspace\MaaXBoard-RT_erpc_two_way_rpc_rpmsg_rtos_cm7\erpc\infra/erpc_manually_constructed.hpp:58:8:T* erpc::ManuallyConstructed<T>::operator->() [with T = erpc::RPMsgRTOSTransport]	16	static
C:\Users\tj925438\Documents\MCUXpressoIDE_11.7.1_9221\workspace\MaaXBoard-RT_erpc_two_way_rpc_rpmsg_rtos_cm7\erpc\infra/erpc_manually_constructed.hpp:56:8:T* erpc::ManuallyConstructed<T>::get() [with T = erpc::RPMsgRTOSTransport]	16	static
C:\Users\tj925438\Documents\MCUXpressoIDE_11.7.1_9221\workspace\MaaXBoard-RT_erpc_two_way_rpc_rpmsg_rtos_cm7\erpc\infra/erpc_manually_constructed.hpp:151:10:void erpc::ManuallyConstructed<T>::destroy() [with T = erpc::RPMsgRTOSTransport]	16	static
../erpc/setup/erpc_setup_rpmsg_lite_rtos_master.cpp:57:1:void __static_initialization_and_destruction_0(int, int)	16	static
../erpc/setup/erpc_setup_rpmsg_lite_rtos_master.cpp:57:1:cpp)	8	static
