../rpmsg_lite/virtio/virtqueue.c:711:16:vq_ring_must_notify_host	0	static
../rpmsg_lite/virtio/virtqueue.c:736:13:vq_ring_notify_host	8	static
../rpmsg_lite/virtio/virtqueue.c:749:17:virtqueue_nused	0	static
../rpmsg_lite/virtio/virtqueue.c:603:13:vq_ring_update_avail	8	static
../rpmsg_lite/virtio/virtqueue.c:630:13:vq_ring_update_used	8	static
../rpmsg_lite/virtio/virtqueue.c:552:17:vq_ring_add_buffer	24	static
../rpmsg_lite/virtio/virtqueue.c:657:16:vq_ring_enable_interrupt	16	static
../rpmsg_lite/virtio/virtqueue.c:116:9:virtqueue_create	32	static
../rpmsg_lite/virtio/virtqueue.c:172:9:virtqueue_add_buffer	16	static
../rpmsg_lite/virtio/virtqueue.c:205:9:virtqueue_fill_avail_buffers	40	static
../rpmsg_lite/virtio/virtqueue.c:248:7:virtqueue_get_buffer	24	static
../rpmsg_lite/virtio/virtqueue.c:294:10:virtqueue_get_buffer_length	0	static
../rpmsg_lite/virtio/virtqueue.c:324:6:virtqueue_free	8	static
../rpmsg_lite/virtio/virtqueue.c:349:7:virtqueue_get_available_buffer	16	static
../rpmsg_lite/virtio/virtqueue.c:386:9:virtqueue_add_consumed_buffer	8	static
../rpmsg_lite/virtio/virtqueue.c:409:9:virtqueue_fill_used_buffers	24	static
../rpmsg_lite/virtio/virtqueue.c:438:9:virtqueue_enable_cb	8	static
../rpmsg_lite/virtio/virtqueue.c:451:6:virtqueue_disable_cb	0	static
../rpmsg_lite/virtio/virtqueue.c:475:6:virtqueue_kick	8	static
../rpmsg_lite/virtio/virtqueue.c:496:6:virtqueue_dump	56	static
../rpmsg_lite/virtio/virtqueue.c:522:10:virtqueue_get_desc_size	0	static
../rpmsg_lite/virtio/virtqueue.c:583:6:vq_ring_init	0	static
../rpmsg_lite/virtio/virtqueue.c:695:6:virtqueue_notification	8	static
