../drivers/fsl_clock.c:617:13:ANATOP_AudioPllGate	0	static
../drivers/fsl_clock.c:629:13:ANATOP_AudioPllSwEnClk	0	static
../drivers/fsl_clock.c:737:13:ANATOP_VideoPllGate	0	static
../drivers/fsl_clock.c:749:13:ANATOP_VideoPllSwEnClk	0	static
../drivers/fsl_clock.c:987:13:ANATOP_SysPll1Gate	0	static
../drivers/fsl_clock.c:999:13:ANATOP_SysPll1Div2En	0	static
../drivers/fsl_clock.c:1011:13:ANATOP_SysPll1Div5En	0	static
../drivers/fsl_clock.c:1023:13:ANATOP_SysPll1SwEnClk	0	static
../drivers/fsl_clock.c:1035:13:ANATOP_SysPll1WaitStable	0	static
../drivers/fsl_clock.c:560:13:ANATOP_PllBypass	8	static
../drivers/fsl_clock.c:554:13:ANATOP_PllSetPower	8	static
../drivers/fsl_clock.c:565:13:ANATOP_PllEnablePllReg	8	static
../drivers/fsl_clock.c:570:13:ANATOP_PllHoldRingOff	8	static
../drivers/fsl_clock.c:575:13:ANATOP_PllToggleHoldRingOff	16	static
../drivers/fsl_clock.c:587:13:ANATOP_PllEnableClk	8	static
../drivers/fsl_clock.c:582:13:ANATOP_PllEnableSs	8	static
../drivers/fsl_clock.c:592:13:ANATOP_PllConfigure	32	static
../drivers/fsl_clock.c:1398:17:CLOCK_GetAvPllFreq	24	static
../drivers/fsl_clock.c:118:6:CLOCK_InitArmPll	16	static
../drivers/fsl_clock.c:175:6:CLOCK_DeinitArmPll	0	static
../drivers/fsl_clock.c:184:6:CLOCK_CalcPllSpreadSpectrum	8	static
../drivers/fsl_clock.c:193:6:CLOCK_InitSysPll2	16	static
../drivers/fsl_clock.c:273:6:CLOCK_DeinitSysPll2	0	static
../drivers/fsl_clock.c:295:6:CLOCK_IsSysPll2PfdEnabled	0	static
../drivers/fsl_clock.c:303:6:CLOCK_InitPfd	32	static
../drivers/fsl_clock.c:358:6:CLOCK_DeinitPfd	8	static
../drivers/fsl_clock.c:387:10:CLOCK_GetPfdFreq	8	static
../drivers/fsl_clock.c:439:6:CLOCK_InitSysPll3	16	static
../drivers/fsl_clock.c:497:6:CLOCK_DeinitSysPll3	0	static
../drivers/fsl_clock.c:517:6:CLOCK_IsSysPll3PfdEnabled	0	static
../drivers/fsl_clock.c:523:6:CLOCK_SetPllBypass	8	static
../drivers/fsl_clock.c:660:6:CLOCK_InitAudioPll	24	static
../drivers/fsl_clock.c:711:6:CLOCK_DeinitAudioPll	8	static
../drivers/fsl_clock.c:721:6:CLOCK_GPC_SetAudioPllOutputFreq	8	static
../drivers/fsl_clock.c:761:10:CLOCK_CalcArmPllFreq	8	static
../drivers/fsl_clock.c:809:10:CLOCK_InitArmPllWithFreq	16	static
../drivers/fsl_clock.c:820:10:CLOCK_CalcAvPllFreq	8	static
../drivers/fsl_clock.c:641:10:CLOCK_InitAudioPllWithFreq	40	static
../drivers/fsl_clock.c:909:6:CLOCK_InitVideoPll	24	static
../drivers/fsl_clock.c:890:10:CLOCK_InitVideoPllWithFreq	40	static
../drivers/fsl_clock.c:960:6:CLOCK_DeinitVideoPll	8	static
../drivers/fsl_clock.c:970:6:CLOCK_GPC_SetVideoPllOutputFreq	8	static
../drivers/fsl_clock.c:1046:6:CLOCK_InitSysPll1	16	static
../drivers/fsl_clock.c:1085:6:CLOCK_DeinitSysPll1	8	static
../drivers/fsl_clock.c:1097:6:CLOCK_GPC_SetSysPll1OutputFreq	8	static
../drivers/fsl_clock.c:1114:6:CLOCK_OSC_EnableOsc24M	0	static
../drivers/fsl_clock.c:1132:6:CLOCK_OSC_SetOsc24MWorkMode	0	static
../drivers/fsl_clock.c:1154:6:CLOCK_OSC_SetOsc16MConfig	4	static
../drivers/fsl_clock.c:1173:6:CLOCK_OSC_SetOscRc400MRefClkDiv	8	static
../drivers/fsl_clock.c:1188:6:CLOCK_OSC_SetOscRc400MFastClkCount	8	static
../drivers/fsl_clock.c:1207:6:CLOCK_OSC_SetOscRc400MHysteresisValue	16	static
../drivers/fsl_clock.c:1225:6:CLOCK_OSC_BypassOscRc400MTuneLogic	8	static
../drivers/fsl_clock.c:1244:6:CLOCK_OSC_EnableOscRc400MTuneLogic	8	static
../drivers/fsl_clock.c:1263:6:CLOCK_OSC_FreezeOscRc400MTuneValue	8	static
../drivers/fsl_clock.c:1280:6:CLOCK_OSC_SetOscRc400MTuneValue	8	static
../drivers/fsl_clock.c:1298:6:CLOCK_OSC_Set1MHzOutputBehavior	8	static
../drivers/fsl_clock.c:1325:6:CLOCK_OSC_SetLocked1MHzCount	8	static
../drivers/fsl_clock.c:1352:6:CLOCK_OSC_CheckLocked1MHzErrorFlag	8	static
../drivers/fsl_clock.c:1364:6:CLOCK_OSC_ClearLocked1MHzErrorFlag	8	static
../drivers/fsl_clock.c:1374:10:CLOCK_OSC_GetCurrentOscRc400MFastClockCount	8	static
../drivers/fsl_clock.c:1388:9:CLOCK_OSC_GetCurrentOscRc400MTuneValue	8	static
../drivers/fsl_clock.c:1422:10:CLOCK_GetPllFreq	8	static
../drivers/fsl_clock.c:1495:10:CLOCK_GetFreq	8	static
../drivers/fsl_clock.c:1606:6:CLOCK_SetGroupConfig	8	static
../drivers/fsl_clock.c:1615:6:CLOCK_OSC_TrimOscRc400M	8	static
../drivers/fsl_clock.c:1627:6:CLOCK_OSC_EnableOscRc400M	0	static
../drivers/fsl_clock.c:1633:10:CLOCK_GetFreqFromObs	8	static
../drivers/fsl_clock.c:1662:6:CLOCK_EnableUsbhs0Clock	0	static
../drivers/fsl_clock.c:1675:6:CLOCK_EnableUsbhs0PhyPllClock	0	static
../drivers/fsl_clock.c:1773:6:CLOCK_DisableUsbhs0PhyPllClock	0	static
../drivers/fsl_clock.c:1778:6:CLOCK_EnableUsbhs1Clock	0	static
../drivers/fsl_clock.c:1782:6:CLOCK_EnableUsbhs1PhyPllClock	0	static
../drivers/fsl_clock.c:1868:6:CLOCK_DisableUsbhs1PhyPllClock	0	static
../drivers/fsl_clock.c:1874:6:CLOCK_OSCPLL_ControlBySetPointMode	4	static
../drivers/fsl_clock.c:1885:6:CLOCK_OSCPLL_ControlByCpuLowPowerMode	8	static
../drivers/fsl_clock.c:1902:6:CLOCK_ROOT_ControlBySetPointMode	8	static
../drivers/fsl_clock.c:1917:6:CLOCK_LPCG_ControlBySetPointMode	4	static
../drivers/fsl_clock.c:1928:6:CLOCK_LPCG_ControlByCpuLowPowerMode	8	static
