../drivers/fsl_pmu.c:159:6:PMU_SetPllLdoControlMode	0	static
../drivers/fsl_pmu.c:176:6:PMU_SwitchPllLdoToGPCMode	0	static
../drivers/fsl_pmu.c:193:6:PMU_StaticEnablePllLdo	8	static
../drivers/fsl_pmu.c:215:6:PMU_StaticDisablePllLdo	8	static
../drivers/fsl_pmu.c:226:6:PMU_SetLpsrAnaLdoControlMode	0	static
../drivers/fsl_pmu.c:246:6:PMU_StaticEnableLpsrAnaLdoBypassMode	16	static
../drivers/fsl_pmu.c:300:6:PMU_StaticGetLpsrAnaLdoDefaultConfig	8	static
../drivers/fsl_pmu.c:320:6:PMU_StaticLpsrAnaLdoInit	8	static
../drivers/fsl_pmu.c:351:6:PMU_StaticLpsrAnaLdoDeinit	0	static
../drivers/fsl_pmu.c:363:6:PMU_SetLpsrDigLdoControlMode	0	static
../drivers/fsl_pmu.c:383:6:PMU_StaticEnableLpsrDigLdoBypassMode	16	static
../drivers/fsl_pmu.c:419:6:PMU_StaticGetLpsrDigLdoDefaultConfig	8	static
../drivers/fsl_pmu.c:436:6:PMU_StaticLpsrDigLdoInit	8	static
../drivers/fsl_pmu.c:462:6:PMU_StaticLpsrDigLdoDeinit	0	static
../drivers/fsl_pmu.c:476:6:PMU_GPCSetLpsrDigLdoTargetVoltage	32	static
../drivers/fsl_pmu.c:518:6:PMU_GetSnvsDigLdoDefaultConfig	8	static
../drivers/fsl_pmu.c:538:6:PMU_SnvsDigLdoInit	0	static
../drivers/fsl_pmu.c:558:6:PMU_GPCEnableLdo	24	static
../drivers/fsl_pmu.c:575:6:PMU_GPCSetLdoOperateMode	32	static
../drivers/fsl_pmu.c:599:6:PMU_GPCEnableLdoTrackingMode	24	static
../drivers/fsl_pmu.c:616:6:PMU_GPCEnableLdoBypassMode	24	static
../drivers/fsl_pmu.c:633:6:PMU_GPCEnableLdoStandbyMode	24	static
../drivers/fsl_pmu.c:648:6:PMU_SetBandgapControlMode	0	static
../drivers/fsl_pmu.c:665:6:PMU_SwitchBandgapToGPCMode	0	static
../drivers/fsl_pmu.c:684:6:PMU_DisableBandgapSelfBiasAfterPowerUp	8	static
../drivers/fsl_pmu.c:707:6:PMU_EnableBandgapSelfBiasBeforePowerDown	8	static
../drivers/fsl_pmu.c:721:6:PMU_StaticBandgapInit	8	static
../drivers/fsl_pmu.c:747:6:PMU_WellBiasInit	8	static
../drivers/fsl_pmu.c:774:6:PMU_GetWellBiasDefaultConfig	8	static
../drivers/fsl_pmu.c:791:6:PMU_SetBodyBiasControlMode	0	static
../drivers/fsl_pmu.c:838:6:PMU_EnableBodyBias	0	static
../drivers/fsl_pmu.c:920:6:PMU_GPCEnableBodyBias	24	static
../drivers/fsl_pmu.c:934:6:PMU_GPCEnableBodyBiasStandbyMode	24	static
../drivers/fsl_pmu.c:946:6:PMU_GPCGetBodyBiasDefaultConfig	8	static
../drivers/fsl_pmu.c:962:6:PMU_GPCSetBodyBiasConfig	24	static
