../rpmsg_lite/rpmsg_lite/porting/platform/imxrt1170/rpmsg_platform.c:85:13:platform_global_isr_disable	0	static
../rpmsg_lite/rpmsg_lite/porting/platform/imxrt1170/rpmsg_platform.c:90:13:platform_global_isr_enable	0	static
../rpmsg_lite/rpmsg_lite/porting/platform/imxrt1170/rpmsg_platform.c:33:13:mcmgr_event_handler	8	static
../rpmsg_lite/rpmsg_lite/porting/platform/imxrt1170/rpmsg_platform.c:95:9:platform_init_interrupt	8	static
../rpmsg_lite/rpmsg_lite/porting/platform/imxrt1170/rpmsg_platform.c:124:9:platform_deinit_interrupt	8	static
../rpmsg_lite/rpmsg_lite/porting/platform/imxrt1170/rpmsg_platform.c:154:6:platform_notify	16	static
../rpmsg_lite/rpmsg_lite/porting/platform/imxrt1170/rpmsg_platform.c:181:6:platform_time_delay	0	static
../rpmsg_lite/rpmsg_lite/porting/platform/imxrt1170/rpmsg_platform.c:207:9:platform_in_isr	0	static
../rpmsg_lite/rpmsg_lite/porting/platform/imxrt1170/rpmsg_platform.c:222:9:platform_interrupt_enable	8	static
../rpmsg_lite/rpmsg_lite/porting/platform/imxrt1170/rpmsg_platform.c:251:9:platform_interrupt_disable	8	static
../rpmsg_lite/rpmsg_lite/porting/platform/imxrt1170/rpmsg_platform.c:279:6:platform_map_mem_region	0	static
../rpmsg_lite/rpmsg_lite/porting/platform/imxrt1170/rpmsg_platform.c:289:6:platform_cache_all_flush_invalidate	0	static
../rpmsg_lite/rpmsg_lite/porting/platform/imxrt1170/rpmsg_platform.c:299:6:platform_cache_disable	0	static
../rpmsg_lite/rpmsg_lite/porting/platform/imxrt1170/rpmsg_platform.c:309:10:platform_vatopa	0	static
../rpmsg_lite/rpmsg_lite/porting/platform/imxrt1170/rpmsg_platform.c:320:7:platform_patova	0	static
../rpmsg_lite/rpmsg_lite/porting/platform/imxrt1170/rpmsg_platform.c:330:9:platform_init	8	static
../rpmsg_lite/rpmsg_lite/porting/platform/imxrt1170/rpmsg_platform.c:363:9:platform_deinit	8	static
